// Jest Snapshot v1, https://goo.gl/fbAQLP

exports[`SortLabel matches the snapshot with the correct props 1`] = `
<DocumentFragment>
  <button
    class="MuiButtonBase-root MuiButton-root MuiButton-contained MuiButton-containedPrimary MuiButton-sizeSmall MuiButton-containedSizeSmall MuiButton-root MuiButton-contained MuiButton-containedPrimary MuiButton-sizeSmall MuiButton-containedSizeSmall css-11qr2p8-MuiButtonBase-root-MuiButton-root"
    tabindex="0"
    type="button"
  >
    <span>
      Sort By Name
    </span>
    <svg
      aria-hidden="true"
      class="MuiSvgIcon-root MuiSvgIcon-fontSizeMedium css-i4bv87-MuiSvgIcon-root"
      data-testid="upward-icon"
      focusable="false"
      style="font-size: 18px;"
      viewBox="0 0 24 24"
    >
      <path
        d="m4 12 1.41 1.41L11 7.83V20h2V7.83l5.58 5.59L20 12l-8-8-8 8z"
      />
    </svg>
    <span
      class="MuiTouchRipple-root css-8je8zh-MuiTouchRipple-root"
    />
  </button>
</DocumentFragment>
`;
